llama_print_build_info: build = 1 (d775992)
llama_print_build_info: built with AppleClang 16.0.0.16000026 for Darwin arm64
main: quantizing 'out/talkie-1930-13b-it-bf16.gguf' to 'out/talkie-1930-13b-it-Q8_0.gguf' as Q8_0 using 8 threads
llama_model_loader: loaded meta data with 23 key-value pairs and 362 tensors from out/talkie-1930-13b-it-bf16.gguf (version GGUF V3 (latest))
llama_model_loader: Dumping metadata keys/values. Note: KV overrides do not apply in this output.
llama_model_loader: - kv   0:                       general.architecture str              = talkie
llama_model_loader: - kv   1:                               general.name str              = talkie-1930-13b-it
llama_model_loader: - kv   2:                        general.description str              = Talkie 13B vintage language model (pr...
llama_model_loader: - kv   3:                      talkie.context_length u32              = 2048
llama_model_loader: - kv   4:                    talkie.embedding_length u32              = 5120
llama_model_loader: - kv   5:                         talkie.block_count u32              = 40
llama_model_loader: - kv   6:                 talkie.feed_forward_length u32              = 13696
llama_model_loader: - kv   7:                talkie.attention.head_count u32              = 40
llama_model_loader: - kv   8:             talkie.attention.head_count_kv u32              = 40
llama_model_loader: - kv   9:    talkie.attention.layer_norm_rms_epsilon f32              = 0.000001
llama_model_loader: - kv  10:                      talkie.rope.freq_base f32              = 1000000.000000
llama_model_loader: - kv  11:                talkie.rope.dimension_count u32              = 128
llama_model_loader: - kv  12:                          general.file_type u32              = 32
llama_model_loader: - kv  13:                       tokenizer.ggml.model str              = gpt2
llama_model_loader: - kv  14:                         tokenizer.ggml.pre str              = talkie
llama_model_loader: - kv  15:                      tokenizer.ggml.tokens arr[str,65540]   = ["Ā", "ā", "Ă", "ă", "Ą", "ą", ...
llama_model_loader: - kv  16:                  tokenizer.ggml.token_type arr[i32,65540]   = [1, 1, 1, 1, 1, 1, 1, 1, 1, 1, 1, 1, ...
llama_model_loader: - kv  17:                      tokenizer.ggml.merges arr[str,65279]   = ["Ġ t", "h e", "Ġ a", "i n", "Ġt h...
llama_model_loader: - kv  18:                tokenizer.ggml.bos_token_id u32              = 65535
llama_model_loader: - kv  19:                tokenizer.ggml.eos_token_id u32              = 65536
llama_model_loader: - kv  20:            tokenizer.ggml.unknown_token_id u32              = 65535
llama_model_loader: - kv  21:               tokenizer.ggml.add_bos_token bool             = false
llama_model_loader: - kv  22:               tokenizer.ggml.add_eos_token bool             = false
llama_model_loader: - type bf16:  362 tensors
[   1/ 362] output.weight                        - [  5120,  65540,      1,      1], type =   bf16, converting to q8_0 .. size =   640.04 MiB ->   340.02 MiB
[   2/ 362] token_embd.weight                    - [  5120,  65540,      1,      1], type =   bf16, converting to q8_0 .. size =   640.04 MiB ->   340.02 MiB
[   3/ 362] blk.0.attn_k.weight                  - [  5120,   5120,      1,      1], type =   bf16, converting to q8_0 .. size =    50.00 MiB ->    26.56 MiB
[   4/ 362] blk.0.attn_output.weight             - [  5120,   5120,      1,      1], type =   bf16, converting to q8_0 .. size =    50.00 MiB ->    26.56 MiB
[   5/ 362] blk.0.attn_q.weight                  - [  5120,   5120,      1,      1], type =   bf16, converting to q8_0 .. size =    50.00 MiB ->    26.56 MiB
[   6/ 362] blk.0.attn_q_gain.weight             - [     1,     40,      1,      1], type =   bf16, size =    0.000 MiB
[   7/ 362] blk.0.attn_v.weight                  - [  5120,   5120,      1,      1], type =   bf16, converting to q8_0 .. size =    50.00 MiB ->    26.56 MiB
[   8/ 362] blk.0.embed_skip.weight              - [  5120,      1,      1,      1], type =   bf16, size =    0.010 MiB
[   9/ 362] blk.0.ffn_down.weight                - [ 13696,   5120,      1,      1], type =   bf16, converting to q8_0 .. size =   133.75 MiB ->    71.05 MiB
[  10/ 362] blk.0.ffn_gate.weight                - [  5120,  13696,      1,      1], type =   bf16, converting to q8_0 .. size =   133.75 MiB ->    71.05 MiB
[  11/ 362] blk.0.ffn_up.weight                  - [  5120,  13696,      1,      1], type =   bf16, converting to q8_0 .. size =   133.75 MiB ->    71.05 MiB
[  12/ 362] blk.1.attn_k.weight                  - [  5120,   5120,      1,      1], type =   bf16, converting to q8_0 .. size =    50.00 MiB ->    26.56 MiB
[  13/ 362] blk.1.attn_output.weight             - [  5120,   5120,      1,      1], type =   bf16, converting to q8_0 .. size =    50.00 MiB ->    26.56 MiB
[  14/ 362] blk.1.attn_q.weight                  - [  5120,   5120,      1,      1], type =   bf16, converting to q8_0 .. size =    50.00 MiB ->    26.56 MiB
[  15/ 362] blk.1.attn_q_gain.weight             - [     1,     40,      1,      1], type =   bf16, size =    0.000 MiB
[  16/ 362] blk.1.attn_v.weight                  - [  5120,   5120,      1,      1], type =   bf16, converting to q8_0 .. size =    50.00 MiB ->    26.56 MiB
[  17/ 362] blk.1.embed_skip.weight              - [  5120,      1,      1,      1], type =   bf16, size =    0.010 MiB
[  18/ 362] blk.1.ffn_down.weight                - [ 13696,   5120,      1,      1], type =   bf16, converting to q8_0 .. size =   133.75 MiB ->    71.05 MiB
[  19/ 362] blk.1.ffn_gate.weight                - [  5120,  13696,      1,      1], type =   bf16, converting to q8_0 .. size =   133.75 MiB ->    71.05 MiB
[  20/ 362] blk.1.ffn_up.weight                  - [  5120,  13696,      1,      1], type =   bf16, converting to q8_0 .. size =   133.75 MiB ->    71.05 MiB
[  21/ 362] blk.2.attn_k.weight                  - [  5120,   5120,      1,      1], type =   bf16, converting to q8_0 .. size =    50.00 MiB ->    26.56 MiB
[  22/ 362] blk.2.attn_output.weight             - [  5120,   5120,      1,      1], type =   bf16, converting to q8_0 .. size =    50.00 MiB ->    26.56 MiB
[  23/ 362] blk.2.attn_q.weight                  - [  5120,   5120,      1,      1], type =   bf16, converting to q8_0 .. size =    50.00 MiB ->    26.56 MiB
[  24/ 362] blk.2.attn_q_gain.weight             - [     1,     40,      1,      1], type =   bf16, size =    0.000 MiB
[  25/ 362] blk.2.attn_v.weight                  - [  5120,   5120,      1,      1], type =   bf16, converting to q8_0 .. size =    50.00 MiB ->    26.56 MiB
[  26/ 362] blk.2.embed_skip.weight              - [  5120,      1,      1,      1], type =   bf16, size =    0.010 MiB
[  27/ 362] blk.2.ffn_down.weight                - [ 13696,   5120,      1,      1], type =   bf16, converting to q8_0 .. size =   133.75 MiB ->    71.05 MiB
[  28/ 362] blk.2.ffn_gate.weight                - [  5120,  13696,      1,      1], type =   bf16, converting to q8_0 .. size =   133.75 MiB ->    71.05 MiB
[  29/ 362] blk.2.ffn_up.weight                  - [  5120,  13696,      1,      1], type =   bf16, converting to q8_0 .. size =   133.75 MiB ->    71.05 MiB
[  30/ 362] blk.3.attn_k.weight                  - [  5120,   5120,      1,      1], type =   bf16, converting to q8_0 .. size =    50.00 MiB ->    26.56 MiB
[  31/ 362] blk.3.attn_output.weight             - [  5120,   5120,      1,      1], type =   bf16, converting to q8_0 .. size =    50.00 MiB ->    26.56 MiB
[  32/ 362] blk.3.attn_q.weight                  - [  5120,   5120,      1,      1], type =   bf16, converting to q8_0 .. size =    50.00 MiB ->    26.56 MiB
[  33/ 362] blk.3.attn_q_gain.weight             - [     1,     40,      1,      1], type =   bf16, size =    0.000 MiB
[  34/ 362] blk.3.attn_v.weight                  - [  5120,   5120,      1,      1], type =   bf16, converting to q8_0 .. size =    50.00 MiB ->    26.56 MiB
[  35/ 362] blk.3.embed_skip.weight              - [  5120,      1,      1,      1], type =   bf16, size =    0.010 MiB
[  36/ 362] blk.3.ffn_down.weight                - [ 13696,   5120,      1,      1], type =   bf16, converting to q8_0 .. size =   133.75 MiB ->    71.05 MiB
[  37/ 362] blk.3.ffn_gate.weight                - [  5120,  13696,      1,      1], type =   bf16, converting to q8_0 .. size =   133.75 MiB ->    71.05 MiB
[  38/ 362] blk.3.ffn_up.weight                  - [  5120,  13696,      1,      1], type =   bf16, converting to q8_0 .. size =   133.75 MiB ->    71.05 MiB
[  39/ 362] blk.4.attn_k.weight                  - [  5120,   5120,      1,      1], type =   bf16, converting to q8_0 .. size =    50.00 MiB ->    26.56 MiB
[  40/ 362] blk.4.attn_output.weight             - [  5120,   5120,      1,      1], type =   bf16, converting to q8_0 .. size =    50.00 MiB ->    26.56 MiB
[  41/ 362] blk.4.attn_q.weight                  - [  5120,   5120,      1,      1], type =   bf16, converting to q8_0 .. size =    50.00 MiB ->    26.56 MiB
[  42/ 362] blk.4.attn_q_gain.weight             - [     1,     40,      1,      1], type =   bf16, size =    0.000 MiB
[  43/ 362] blk.4.attn_v.weight                  - [  5120,   5120,      1,      1], type =   bf16, converting to q8_0 .. size =    50.00 MiB ->    26.56 MiB
[  44/ 362] blk.4.embed_skip.weight              - [  5120,      1,      1,      1], type =   bf16, size =    0.010 MiB
[  45/ 362] blk.4.ffn_down.weight                - [ 13696,   5120,      1,      1], type =   bf16, converting to q8_0 .. size =   133.75 MiB ->    71.05 MiB
[  46/ 362] blk.4.ffn_gate.weight                - [  5120,  13696,      1,      1], type =   bf16, converting to q8_0 .. size =   133.75 MiB ->    71.05 MiB
[  47/ 362] blk.4.ffn_up.weight                  - [  5120,  13696,      1,      1], type =   bf16, converting to q8_0 .. size =   133.75 MiB ->    71.05 MiB
[  48/ 362] blk.5.attn_k.weight                  - [  5120,   5120,      1,      1], type =   bf16, converting to q8_0 .. size =    50.00 MiB ->    26.56 MiB
[  49/ 362] blk.5.attn_output.weight             - [  5120,   5120,      1,      1], type =   bf16, converting to q8_0 .. size =    50.00 MiB ->    26.56 MiB
[  50/ 362] blk.5.attn_q.weight                  - [  5120,   5120,      1,      1], type =   bf16, converting to q8_0 .. size =    50.00 MiB ->    26.56 MiB
[  51/ 362] blk.5.attn_q_gain.weight             - [     1,     40,      1,      1], type =   bf16, size =    0.000 MiB
[  52/ 362] blk.5.attn_v.weight                  - [  5120,   5120,      1,      1], type =   bf16, converting to q8_0 .. size =    50.00 MiB ->    26.56 MiB
[  53/ 362] blk.5.embed_skip.weight              - [  5120,      1,      1,      1], type =   bf16, size =    0.010 MiB
[  54/ 362] blk.5.ffn_down.weight                - [ 13696,   5120,      1,      1], type =   bf16, converting to q8_0 .. size =   133.75 MiB ->    71.05 MiB
[  55/ 362] blk.5.ffn_gate.weight                - [  5120,  13696,      1,      1], type =   bf16, converting to q8_0 .. size =   133.75 MiB ->    71.05 MiB
[  56/ 362] blk.5.ffn_up.weight                  - [  5120,  13696,      1,      1], type =   bf16, converting to q8_0 .. size =   133.75 MiB ->    71.05 MiB
[  57/ 362] blk.6.attn_k.weight                  - [  5120,   5120,      1,      1], type =   bf16, converting to q8_0 .. size =    50.00 MiB ->    26.56 MiB
[  58/ 362] blk.6.attn_output.weight             - [  5120,   5120,      1,      1], type =   bf16, converting to q8_0 .. size =    50.00 MiB ->    26.56 MiB
[  59/ 362] blk.6.attn_q.weight                  - [  5120,   5120,      1,      1], type =   bf16, converting to q8_0 .. size =    50.00 MiB ->    26.56 MiB
[  60/ 362] blk.6.attn_q_gain.weight             - [     1,     40,      1,      1], type =   bf16, size =    0.000 MiB
[  61/ 362] blk.6.attn_v.weight                  - [  5120,   5120,      1,      1], type =   bf16, converting to q8_0 .. size =    50.00 MiB ->    26.56 MiB
[  62/ 362] blk.6.embed_skip.weight              - [  5120,      1,      1,      1], type =   bf16, size =    0.010 MiB
[  63/ 362] blk.6.ffn_down.weight                - [ 13696,   5120,      1,      1], type =   bf16, converting to q8_0 .. size =   133.75 MiB ->    71.05 MiB
[  64/ 362] blk.6.ffn_gate.weight                - [  5120,  13696,      1,      1], type =   bf16, converting to q8_0 .. size =   133.75 MiB ->    71.05 MiB
[  65/ 362] blk.6.ffn_up.weight                  - [  5120,  13696,      1,      1], type =   bf16, converting to q8_0 .. size =   133.75 MiB ->    71.05 MiB
[  66/ 362] blk.7.attn_k.weight                  - [  5120,   5120,      1,      1], type =   bf16, converting to q8_0 .. size =    50.00 MiB ->    26.56 MiB
[  67/ 362] blk.7.attn_output.weight             - [  5120,   5120,      1,      1], type =   bf16, converting to q8_0 .. size =    50.00 MiB ->    26.56 MiB
[  68/ 362] blk.7.attn_q.weight                  - [  5120,   5120,      1,      1], type =   bf16, converting to q8_0 .. size =    50.00 MiB ->    26.56 MiB
[  69/ 362] blk.7.attn_q_gain.weight             - [     1,     40,      1,      1], type =   bf16, size =    0.000 MiB
[  70/ 362] blk.7.attn_v.weight                  - [  5120,   5120,      1,      1], type =   bf16, converting to q8_0 .. size =    50.00 MiB ->    26.56 MiB
[  71/ 362] blk.7.embed_skip.weight              - [  5120,      1,      1,      1], type =   bf16, size =    0.010 MiB
[  72/ 362] blk.7.ffn_down.weight                - [ 13696,   5120,      1,      1], type =   bf16, converting to q8_0 .. size =   133.75 MiB ->    71.05 MiB
[  73/ 362] blk.7.ffn_gate.weight                - [  5120,  13696,      1,      1], type =   bf16, converting to q8_0 .. size =   133.75 MiB ->    71.05 MiB
[  74/ 362] blk.7.ffn_up.weight                  - [  5120,  13696,      1,      1], type =   bf16, converting to q8_0 .. size =   133.75 MiB ->    71.05 MiB
[  75/ 362] blk.8.attn_k.weight                  - [  5120,   5120,      1,      1], type =   bf16, converting to q8_0 .. size =    50.00 MiB ->    26.56 MiB
[  76/ 362] blk.8.attn_output.weight             - [  5120,   5120,      1,      1], type =   bf16, converting to q8_0 .. size =    50.00 MiB ->    26.56 MiB
[  77/ 362] blk.8.attn_q.weight                  - [  5120,   5120,      1,      1], type =   bf16, converting to q8_0 .. size =    50.00 MiB ->    26.56 MiB
[  78/ 362] blk.8.attn_q_gain.weight             - [     1,     40,      1,      1], type =   bf16, size =    0.000 MiB
[  79/ 362] blk.8.attn_v.weight                  - [  5120,   5120,      1,      1], type =   bf16, converting to q8_0 .. size =    50.00 MiB ->    26.56 MiB
[  80/ 362] blk.8.embed_skip.weight              - [  5120,      1,      1,      1], type =   bf16, size =    0.010 MiB
[  81/ 362] blk.8.ffn_down.weight                - [ 13696,   5120,      1,      1], type =   bf16, converting to q8_0 .. size =   133.75 MiB ->    71.05 MiB
[  82/ 362] blk.8.ffn_gate.weight                - [  5120,  13696,      1,      1], type =   bf16, converting to q8_0 .. size =   133.75 MiB ->    71.05 MiB
[  83/ 362] blk.8.ffn_up.weight                  - [  5120,  13696,      1,      1], type =   bf16, converting to q8_0 .. size =   133.75 MiB ->    71.05 MiB
[  84/ 362] blk.9.attn_k.weight                  - [  5120,   5120,      1,      1], type =   bf16, converting to q8_0 .. size =    50.00 MiB ->    26.56 MiB
[  85/ 362] blk.9.attn_output.weight             - [  5120,   5120,      1,      1], type =   bf16, converting to q8_0 .. size =    50.00 MiB ->    26.56 MiB
[  86/ 362] blk.9.attn_q.weight                  - [  5120,   5120,      1,      1], type =   bf16, converting to q8_0 .. size =    50.00 MiB ->    26.56 MiB
[  87/ 362] blk.9.attn_q_gain.weight             - [     1,     40,      1,      1], type =   bf16, size =    0.000 MiB
[  88/ 362] blk.9.attn_v.weight                  - [  5120,   5120,      1,      1], type =   bf16, converting to q8_0 .. size =    50.00 MiB ->    26.56 MiB
[  89/ 362] blk.9.embed_skip.weight              - [  5120,      1,      1,      1], type =   bf16, size =    0.010 MiB
[  90/ 362] blk.9.ffn_down.weight                - [ 13696,   5120,      1,      1], type =   bf16, converting to q8_0 .. size =   133.75 MiB ->    71.05 MiB
[  91/ 362] blk.9.ffn_gate.weight                - [  5120,  13696,      1,      1], type =   bf16, converting to q8_0 .. size =   133.75 MiB ->    71.05 MiB
[  92/ 362] blk.9.ffn_up.weight                  - [  5120,  13696,      1,      1], type =   bf16, converting to q8_0 .. size =   133.75 MiB ->    71.05 MiB
[  93/ 362] blk.10.attn_k.weight                 - [  5120,   5120,      1,      1], type =   bf16, converting to q8_0 .. size =    50.00 MiB ->    26.56 MiB
[  94/ 362] blk.10.attn_output.weight            - [  5120,   5120,      1,      1], type =   bf16, converting to q8_0 .. size =    50.00 MiB ->    26.56 MiB
[  95/ 362] blk.10.attn_q.weight                 - [  5120,   5120,      1,      1], type =   bf16, converting to q8_0 .. size =    50.00 MiB ->    26.56 MiB
[  96/ 362] blk.10.attn_q_gain.weight            - [     1,     40,      1,      1], type =   bf16, size =    0.000 MiB
[  97/ 362] blk.10.attn_v.weight                 - [  5120,   5120,      1,      1], type =   bf16, converting to q8_0 .. size =    50.00 MiB ->    26.56 MiB
[  98/ 362] blk.10.embed_skip.weight             - [  5120,      1,      1,      1], type =   bf16, size =    0.010 MiB
[  99/ 362] blk.10.ffn_down.weight               - [ 13696,   5120,      1,      1], type =   bf16, converting to q8_0 .. size =   133.75 MiB ->    71.05 MiB
[ 100/ 362] blk.10.ffn_gate.weight               - [  5120,  13696,      1,      1], type =   bf16, converting to q8_0 .. size =   133.75 MiB ->    71.05 MiB
[ 101/ 362] blk.10.ffn_up.weight                 - [  5120,  13696,      1,      1], type =   bf16, converting to q8_0 .. size =   133.75 MiB ->    71.05 MiB
[ 102/ 362] blk.11.attn_k.weight                 - [  5120,   5120,      1,      1], type =   bf16, converting to q8_0 .. size =    50.00 MiB ->    26.56 MiB
[ 103/ 362] blk.11.attn_output.weight            - [  5120,   5120,      1,      1], type =   bf16, converting to q8_0 .. size =    50.00 MiB ->    26.56 MiB
[ 104/ 362] blk.11.attn_q.weight                 - [  5120,   5120,      1,      1], type =   bf16, converting to q8_0 .. size =    50.00 MiB ->    26.56 MiB
[ 105/ 362] blk.11.attn_q_gain.weight            - [     1,     40,      1,      1], type =   bf16, size =    0.000 MiB
[ 106/ 362] blk.11.attn_v.weight                 - [  5120,   5120,      1,      1], type =   bf16, converting to q8_0 .. size =    50.00 MiB ->    26.56 MiB
[ 107/ 362] blk.11.embed_skip.weight             - [  5120,      1,      1,      1], type =   bf16, size =    0.010 MiB
[ 108/ 362] blk.11.ffn_down.weight               - [ 13696,   5120,      1,      1], type =   bf16, converting to q8_0 .. size =   133.75 MiB ->    71.05 MiB
[ 109/ 362] blk.11.ffn_gate.weight               - [  5120,  13696,      1,      1], type =   bf16, converting to q8_0 .. size =   133.75 MiB ->    71.05 MiB
[ 110/ 362] blk.11.ffn_up.weight                 - [  5120,  13696,      1,      1], type =   bf16, converting to q8_0 .. size =   133.75 MiB ->    71.05 MiB
[ 111/ 362] blk.12.attn_k.weight                 - [  5120,   5120,      1,      1], type =   bf16, converting to q8_0 .. size =    50.00 MiB ->    26.56 MiB
[ 112/ 362] blk.12.attn_output.weight            - [  5120,   5120,      1,      1], type =   bf16, converting to q8_0 .. size =    50.00 MiB ->    26.56 MiB
[ 113/ 362] blk.12.attn_q.weight                 - [  5120,   5120,      1,      1], type =   bf16, converting to q8_0 .. size =    50.00 MiB ->    26.56 MiB
[ 114/ 362] blk.12.attn_q_gain.weight            - [     1,     40,      1,      1], type =   bf16, size =    0.000 MiB
[ 115/ 362] blk.12.attn_v.weight                 - [  5120,   5120,      1,      1], type =   bf16, converting to q8_0 .. size =    50.00 MiB ->    26.56 MiB
[ 116/ 362] blk.12.embed_skip.weight             - [  5120,      1,      1,      1], type =   bf16, size =    0.010 MiB
[ 117/ 362] blk.12.ffn_down.weight               - [ 13696,   5120,      1,      1], type =   bf16, converting to q8_0 .. size =   133.75 MiB ->    71.05 MiB
[ 118/ 362] blk.12.ffn_gate.weight               - [  5120,  13696,      1,      1], type =   bf16, converting to q8_0 .. size =   133.75 MiB ->    71.05 MiB
[ 119/ 362] blk.12.ffn_up.weight                 - [  5120,  13696,      1,      1], type =   bf16, converting to q8_0 .. size =   133.75 MiB ->    71.05 MiB
[ 120/ 362] blk.13.attn_k.weight                 - [  5120,   5120,      1,      1], type =   bf16, converting to q8_0 .. size =    50.00 MiB ->    26.56 MiB
[ 121/ 362] blk.13.attn_output.weight            - [  5120,   5120,      1,      1], type =   bf16, converting to q8_0 .. size =    50.00 MiB ->    26.56 MiB
[ 122/ 362] blk.13.attn_q.weight                 - [  5120,   5120,      1,      1], type =   bf16, converting to q8_0 .. size =    50.00 MiB ->    26.56 MiB
[ 123/ 362] blk.13.attn_q_gain.weight            - [     1,     40,      1,      1], type =   bf16, size =    0.000 MiB
[ 124/ 362] blk.13.attn_v.weight                 - [  5120,   5120,      1,      1], type =   bf16, converting to q8_0 .. size =    50.00 MiB ->    26.56 MiB
[ 125/ 362] blk.13.embed_skip.weight             - [  5120,      1,      1,      1], type =   bf16, size =    0.010 MiB
[ 126/ 362] blk.13.ffn_down.weight               - [ 13696,   5120,      1,      1], type =   bf16, converting to q8_0 .. size =   133.75 MiB ->    71.05 MiB
[ 127/ 362] blk.13.ffn_gate.weight               - [  5120,  13696,      1,      1], type =   bf16, converting to q8_0 .. size =   133.75 MiB ->    71.05 MiB
[ 128/ 362] blk.13.ffn_up.weight                 - [  5120,  13696,      1,      1], type =   bf16, converting to q8_0 .. size =   133.75 MiB ->    71.05 MiB
[ 129/ 362] blk.14.attn_k.weight                 - [  5120,   5120,      1,      1], type =   bf16, converting to q8_0 .. size =    50.00 MiB ->    26.56 MiB
[ 130/ 362] blk.14.attn_output.weight            - [  5120,   5120,      1,      1], type =   bf16, converting to q8_0 .. size =    50.00 MiB ->    26.56 MiB
[ 131/ 362] blk.14.attn_q.weight                 - [  5120,   5120,      1,      1], type =   bf16, converting to q8_0 .. size =    50.00 MiB ->    26.56 MiB
[ 132/ 362] blk.14.attn_q_gain.weight            - [     1,     40,      1,      1], type =   bf16, size =    0.000 MiB
[ 133/ 362] blk.14.attn_v.weight                 - [  5120,   5120,      1,      1], type =   bf16, converting to q8_0 .. size =    50.00 MiB ->    26.56 MiB
[ 134/ 362] blk.14.embed_skip.weight             - [  5120,      1,      1,      1], type =   bf16, size =    0.010 MiB
[ 135/ 362] blk.14.ffn_down.weight               - [ 13696,   5120,      1,      1], type =   bf16, converting to q8_0 .. size =   133.75 MiB ->    71.05 MiB
[ 136/ 362] blk.14.ffn_gate.weight               - [  5120,  13696,      1,      1], type =   bf16, converting to q8_0 .. size =   133.75 MiB ->    71.05 MiB
[ 137/ 362] blk.14.ffn_up.weight                 - [  5120,  13696,      1,      1], type =   bf16, converting to q8_0 .. size =   133.75 MiB ->    71.05 MiB
[ 138/ 362] blk.15.attn_k.weight                 - [  5120,   5120,      1,      1], type =   bf16, converting to q8_0 .. size =    50.00 MiB ->    26.56 MiB
[ 139/ 362] blk.15.attn_output.weight            - [  5120,   5120,      1,      1], type =   bf16, converting to q8_0 .. size =    50.00 MiB ->    26.56 MiB
[ 140/ 362] blk.15.attn_q.weight                 - [  5120,   5120,      1,      1], type =   bf16, converting to q8_0 .. size =    50.00 MiB ->    26.56 MiB
[ 141/ 362] blk.15.attn_q_gain.weight            - [     1,     40,      1,      1], type =   bf16, size =    0.000 MiB
[ 142/ 362] blk.15.attn_v.weight                 - [  5120,   5120,      1,      1], type =   bf16, converting to q8_0 .. size =    50.00 MiB ->    26.56 MiB
[ 143/ 362] blk.15.embed_skip.weight             - [  5120,      1,      1,      1], type =   bf16, size =    0.010 MiB
[ 144/ 362] blk.15.ffn_down.weight               - [ 13696,   5120,      1,      1], type =   bf16, converting to q8_0 .. size =   133.75 MiB ->    71.05 MiB
[ 145/ 362] blk.15.ffn_gate.weight               - [  5120,  13696,      1,      1], type =   bf16, converting to q8_0 .. size =   133.75 MiB ->    71.05 MiB
[ 146/ 362] blk.15.ffn_up.weight                 - [  5120,  13696,      1,      1], type =   bf16, converting to q8_0 .. size =   133.75 MiB ->    71.05 MiB
[ 147/ 362] blk.16.attn_k.weight                 - [  5120,   5120,      1,      1], type =   bf16, converting to q8_0 .. size =    50.00 MiB ->    26.56 MiB
[ 148/ 362] blk.16.attn_output.weight            - [  5120,   5120,      1,      1], type =   bf16, converting to q8_0 .. size =    50.00 MiB ->    26.56 MiB
[ 149/ 362] blk.16.attn_q.weight                 - [  5120,   5120,      1,      1], type =   bf16, converting to q8_0 .. size =    50.00 MiB ->    26.56 MiB
[ 150/ 362] blk.16.attn_q_gain.weight            - [     1,     40,      1,      1], type =   bf16, size =    0.000 MiB
[ 151/ 362] blk.16.attn_v.weight                 - [  5120,   5120,      1,      1], type =   bf16, converting to q8_0 .. size =    50.00 MiB ->    26.56 MiB
[ 152/ 362] blk.16.embed_skip.weight             - [  5120,      1,      1,      1], type =   bf16, size =    0.010 MiB
[ 153/ 362] blk.16.ffn_down.weight               - [ 13696,   5120,      1,      1], type =   bf16, converting to q8_0 .. size =   133.75 MiB ->    71.05 MiB
[ 154/ 362] blk.16.ffn_gate.weight               - [  5120,  13696,      1,      1], type =   bf16, converting to q8_0 .. size =   133.75 MiB ->    71.05 MiB
[ 155/ 362] blk.16.ffn_up.weight                 - [  5120,  13696,      1,      1], type =   bf16, converting to q8_0 .. size =   133.75 MiB ->    71.05 MiB
[ 156/ 362] blk.17.attn_k.weight                 - [  5120,   5120,      1,      1], type =   bf16, converting to q8_0 .. size =    50.00 MiB ->    26.56 MiB
[ 157/ 362] blk.17.attn_output.weight            - [  5120,   5120,      1,      1], type =   bf16, converting to q8_0 .. size =    50.00 MiB ->    26.56 MiB
[ 158/ 362] blk.17.attn_q.weight                 - [  5120,   5120,      1,      1], type =   bf16, converting to q8_0 .. size =    50.00 MiB ->    26.56 MiB
[ 159/ 362] blk.17.attn_q_gain.weight            - [     1,     40,      1,      1], type =   bf16, size =    0.000 MiB
[ 160/ 362] blk.17.attn_v.weight                 - [  5120,   5120,      1,      1], type =   bf16, converting to q8_0 .. size =    50.00 MiB ->    26.56 MiB
[ 161/ 362] blk.17.embed_skip.weight             - [  5120,      1,      1,      1], type =   bf16, size =    0.010 MiB
[ 162/ 362] blk.17.ffn_down.weight               - [ 13696,   5120,      1,      1], type =   bf16, converting to q8_0 .. size =   133.75 MiB ->    71.05 MiB
[ 163/ 362] blk.17.ffn_gate.weight               - [  5120,  13696,      1,      1], type =   bf16, converting to q8_0 .. size =   133.75 MiB ->    71.05 MiB
[ 164/ 362] blk.17.ffn_up.weight                 - [  5120,  13696,      1,      1], type =   bf16, converting to q8_0 .. size =   133.75 MiB ->    71.05 MiB
[ 165/ 362] blk.18.attn_k.weight                 - [  5120,   5120,      1,      1], type =   bf16, converting to q8_0 .. size =    50.00 MiB ->    26.56 MiB
[ 166/ 362] blk.18.attn_output.weight            - [  5120,   5120,      1,      1], type =   bf16, converting to q8_0 .. size =    50.00 MiB ->    26.56 MiB
[ 167/ 362] blk.18.attn_q.weight                 - [  5120,   5120,      1,      1], type =   bf16, converting to q8_0 .. size =    50.00 MiB ->    26.56 MiB
[ 168/ 362] blk.18.attn_q_gain.weight            - [     1,     40,      1,      1], type =   bf16, size =    0.000 MiB
[ 169/ 362] blk.18.attn_v.weight                 - [  5120,   5120,      1,      1], type =   bf16, converting to q8_0 .. size =    50.00 MiB ->    26.56 MiB
[ 170/ 362] blk.18.embed_skip.weight             - [  5120,      1,      1,      1], type =   bf16, size =    0.010 MiB
[ 171/ 362] blk.18.ffn_down.weight               - [ 13696,   5120,      1,      1], type =   bf16, converting to q8_0 .. size =   133.75 MiB ->    71.05 MiB
[ 172/ 362] blk.18.ffn_gate.weight               - [  5120,  13696,      1,      1], type =   bf16, converting to q8_0 .. size =   133.75 MiB ->    71.05 MiB
[ 173/ 362] blk.18.ffn_up.weight                 - [  5120,  13696,      1,      1], type =   bf16, converting to q8_0 .. size =   133.75 MiB ->    71.05 MiB
[ 174/ 362] blk.19.attn_k.weight                 - [  5120,   5120,      1,      1], type =   bf16, converting to q8_0 .. size =    50.00 MiB ->    26.56 MiB
[ 175/ 362] blk.19.attn_output.weight            - [  5120,   5120,      1,      1], type =   bf16, converting to q8_0 .. size =    50.00 MiB ->    26.56 MiB
[ 176/ 362] blk.19.attn_q.weight                 - [  5120,   5120,      1,      1], type =   bf16, converting to q8_0 .. size =    50.00 MiB ->    26.56 MiB
[ 177/ 362] blk.19.attn_q_gain.weight            - [     1,     40,      1,      1], type =   bf16, size =    0.000 MiB
[ 178/ 362] blk.19.attn_v.weight                 - [  5120,   5120,      1,      1], type =   bf16, converting to q8_0 .. size =    50.00 MiB ->    26.56 MiB
[ 179/ 362] blk.19.embed_skip.weight             - [  5120,      1,      1,      1], type =   bf16, size =    0.010 MiB
[ 180/ 362] blk.19.ffn_down.weight               - [ 13696,   5120,      1,      1], type =   bf16, converting to q8_0 .. size =   133.75 MiB ->    71.05 MiB
[ 181/ 362] blk.19.ffn_gate.weight               - [  5120,  13696,      1,      1], type =   bf16, converting to q8_0 .. size =   133.75 MiB ->    71.05 MiB
[ 182/ 362] blk.19.ffn_up.weight                 - [  5120,  13696,      1,      1], type =   bf16, converting to q8_0 .. size =   133.75 MiB ->    71.05 MiB
[ 183/ 362] blk.20.attn_k.weight                 - [  5120,   5120,      1,      1], type =   bf16, converting to q8_0 .. size =    50.00 MiB ->    26.56 MiB
[ 184/ 362] blk.20.attn_output.weight            - [  5120,   5120,      1,      1], type =   bf16, converting to q8_0 .. size =    50.00 MiB ->    26.56 MiB
[ 185/ 362] blk.20.attn_q.weight                 - [  5120,   5120,      1,      1], type =   bf16, converting to q8_0 .. size =    50.00 MiB ->    26.56 MiB
[ 186/ 362] blk.20.attn_q_gain.weight            - [     1,     40,      1,      1], type =   bf16, size =    0.000 MiB
[ 187/ 362] blk.20.attn_v.weight                 - [  5120,   5120,      1,      1], type =   bf16, converting to q8_0 .. size =    50.00 MiB ->    26.56 MiB
[ 188/ 362] blk.20.embed_skip.weight             - [  5120,      1,      1,      1], type =   bf16, size =    0.010 MiB
[ 189/ 362] blk.20.ffn_down.weight               - [ 13696,   5120,      1,      1], type =   bf16, converting to q8_0 .. size =   133.75 MiB ->    71.05 MiB
[ 190/ 362] blk.20.ffn_gate.weight               - [  5120,  13696,      1,      1], type =   bf16, converting to q8_0 .. size =   133.75 MiB ->    71.05 MiB
[ 191/ 362] blk.20.ffn_up.weight                 - [  5120,  13696,      1,      1], type =   bf16, converting to q8_0 .. size =   133.75 MiB ->    71.05 MiB
[ 192/ 362] blk.21.attn_k.weight                 - [  5120,   5120,      1,      1], type =   bf16, converting to q8_0 .. size =    50.00 MiB ->    26.56 MiB
[ 193/ 362] blk.21.attn_output.weight            - [  5120,   5120,      1,      1], type =   bf16, converting to q8_0 .. size =    50.00 MiB ->    26.56 MiB
[ 194/ 362] blk.21.attn_q.weight                 - [  5120,   5120,      1,      1], type =   bf16, converting to q8_0 .. size =    50.00 MiB ->    26.56 MiB
[ 195/ 362] blk.21.attn_q_gain.weight            - [     1,     40,      1,      1], type =   bf16, size =    0.000 MiB
[ 196/ 362] blk.21.attn_v.weight                 - [  5120,   5120,      1,      1], type =   bf16, converting to q8_0 .. size =    50.00 MiB ->    26.56 MiB
[ 197/ 362] blk.21.embed_skip.weight             - [  5120,      1,      1,      1], type =   bf16, size =    0.010 MiB
[ 198/ 362] blk.21.ffn_down.weight               - [ 13696,   5120,      1,      1], type =   bf16, converting to q8_0 .. size =   133.75 MiB ->    71.05 MiB
[ 199/ 362] blk.21.ffn_gate.weight               - [  5120,  13696,      1,      1], type =   bf16, converting to q8_0 .. size =   133.75 MiB ->    71.05 MiB
[ 200/ 362] blk.21.ffn_up.weight                 - [  5120,  13696,      1,      1], type =   bf16, converting to q8_0 .. size =   133.75 MiB ->    71.05 MiB
[ 201/ 362] blk.22.attn_k.weight                 - [  5120,   5120,      1,      1], type =   bf16, converting to q8_0 .. size =    50.00 MiB ->    26.56 MiB
[ 202/ 362] blk.22.attn_output.weight            - [  5120,   5120,      1,      1], type =   bf16, converting to q8_0 .. size =    50.00 MiB ->    26.56 MiB
[ 203/ 362] blk.22.attn_q.weight                 - [  5120,   5120,      1,      1], type =   bf16, converting to q8_0 .. size =    50.00 MiB ->    26.56 MiB
[ 204/ 362] blk.22.attn_q_gain.weight            - [     1,     40,      1,      1], type =   bf16, size =    0.000 MiB
[ 205/ 362] blk.22.attn_v.weight                 - [  5120,   5120,      1,      1], type =   bf16, converting to q8_0 .. size =    50.00 MiB ->    26.56 MiB
[ 206/ 362] blk.22.embed_skip.weight             - [  5120,      1,      1,      1], type =   bf16, size =    0.010 MiB
[ 207/ 362] blk.22.ffn_down.weight               - [ 13696,   5120,      1,      1], type =   bf16, converting to q8_0 .. size =   133.75 MiB ->    71.05 MiB
[ 208/ 362] blk.22.ffn_gate.weight               - [  5120,  13696,      1,      1], type =   bf16, converting to q8_0 .. size =   133.75 MiB ->    71.05 MiB
[ 209/ 362] blk.22.ffn_up.weight                 - [  5120,  13696,      1,      1], type =   bf16, converting to q8_0 .. size =   133.75 MiB ->    71.05 MiB
[ 210/ 362] blk.23.attn_k.weight                 - [  5120,   5120,      1,      1], type =   bf16, converting to q8_0 .. size =    50.00 MiB ->    26.56 MiB
[ 211/ 362] blk.23.attn_output.weight            - [  5120,   5120,      1,      1], type =   bf16, converting to q8_0 .. size =    50.00 MiB ->    26.56 MiB
[ 212/ 362] blk.23.attn_q.weight                 - [  5120,   5120,      1,      1], type =   bf16, converting to q8_0 .. size =    50.00 MiB ->    26.56 MiB
[ 213/ 362] blk.23.attn_q_gain.weight            - [     1,     40,      1,      1], type =   bf16, size =    0.000 MiB
[ 214/ 362] blk.23.attn_v.weight                 - [  5120,   5120,      1,      1], type =   bf16, converting to q8_0 .. size =    50.00 MiB ->    26.56 MiB
[ 215/ 362] blk.23.embed_skip.weight             - [  5120,      1,      1,      1], type =   bf16, size =    0.010 MiB
[ 216/ 362] blk.23.ffn_down.weight               - [ 13696,   5120,      1,      1], type =   bf16, converting to q8_0 .. size =   133.75 MiB ->    71.05 MiB
[ 217/ 362] blk.23.ffn_gate.weight               - [  5120,  13696,      1,      1], type =   bf16, converting to q8_0 .. size =   133.75 MiB ->    71.05 MiB
[ 218/ 362] blk.23.ffn_up.weight                 - [  5120,  13696,      1,      1], type =   bf16, converting to q8_0 .. size =   133.75 MiB ->    71.05 MiB
[ 219/ 362] blk.24.attn_k.weight                 - [  5120,   5120,      1,      1], type =   bf16, converting to q8_0 .. size =    50.00 MiB ->    26.56 MiB
[ 220/ 362] blk.24.attn_output.weight            - [  5120,   5120,      1,      1], type =   bf16, converting to q8_0 .. size =    50.00 MiB ->    26.56 MiB
[ 221/ 362] blk.24.attn_q.weight                 - [  5120,   5120,      1,      1], type =   bf16, converting to q8_0 .. size =    50.00 MiB ->    26.56 MiB
[ 222/ 362] blk.24.attn_q_gain.weight            - [     1,     40,      1,      1], type =   bf16, size =    0.000 MiB
[ 223/ 362] blk.24.attn_v.weight                 - [  5120,   5120,      1,      1], type =   bf16, converting to q8_0 .. size =    50.00 MiB ->    26.56 MiB
[ 224/ 362] blk.24.embed_skip.weight             - [  5120,      1,      1,      1], type =   bf16, size =    0.010 MiB
[ 225/ 362] blk.24.ffn_down.weight               - [ 13696,   5120,      1,      1], type =   bf16, converting to q8_0 .. size =   133.75 MiB ->    71.05 MiB
[ 226/ 362] blk.24.ffn_gate.weight               - [  5120,  13696,      1,      1], type =   bf16, converting to q8_0 .. size =   133.75 MiB ->    71.05 MiB
[ 227/ 362] blk.24.ffn_up.weight                 - [  5120,  13696,      1,      1], type =   bf16, converting to q8_0 .. size =   133.75 MiB ->    71.05 MiB
[ 228/ 362] blk.25.attn_k.weight                 - [  5120,   5120,      1,      1], type =   bf16, converting to q8_0 .. size =    50.00 MiB ->    26.56 MiB
[ 229/ 362] blk.25.attn_output.weight            - [  5120,   5120,      1,      1], type =   bf16, converting to q8_0 .. size =    50.00 MiB ->    26.56 MiB
[ 230/ 362] blk.25.attn_q.weight                 - [  5120,   5120,      1,      1], type =   bf16, converting to q8_0 .. size =    50.00 MiB ->    26.56 MiB
[ 231/ 362] blk.25.attn_q_gain.weight            - [     1,     40,      1,      1], type =   bf16, size =    0.000 MiB
[ 232/ 362] blk.25.attn_v.weight                 - [  5120,   5120,      1,      1], type =   bf16, converting to q8_0 .. size =    50.00 MiB ->    26.56 MiB
[ 233/ 362] blk.25.embed_skip.weight             - [  5120,      1,      1,      1], type =   bf16, size =    0.010 MiB
[ 234/ 362] blk.25.ffn_down.weight               - [ 13696,   5120,      1,      1], type =   bf16, converting to q8_0 .. size =   133.75 MiB ->    71.05 MiB
[ 235/ 362] blk.25.ffn_gate.weight               - [  5120,  13696,      1,      1], type =   bf16, converting to q8_0 .. size =   133.75 MiB ->    71.05 MiB
[ 236/ 362] blk.25.ffn_up.weight                 - [  5120,  13696,      1,      1], type =   bf16, converting to q8_0 .. size =   133.75 MiB ->    71.05 MiB
[ 237/ 362] blk.26.attn_k.weight                 - [  5120,   5120,      1,      1], type =   bf16, converting to q8_0 .. size =    50.00 MiB ->    26.56 MiB
[ 238/ 362] blk.26.attn_output.weight            - [  5120,   5120,      1,      1], type =   bf16, converting to q8_0 .. size =    50.00 MiB ->    26.56 MiB
[ 239/ 362] blk.26.attn_q.weight                 - [  5120,   5120,      1,      1], type =   bf16, converting to q8_0 .. size =    50.00 MiB ->    26.56 MiB
[ 240/ 362] blk.26.attn_q_gain.weight            - [     1,     40,      1,      1], type =   bf16, size =    0.000 MiB
[ 241/ 362] blk.26.attn_v.weight                 - [  5120,   5120,      1,      1], type =   bf16, converting to q8_0 .. size =    50.00 MiB ->    26.56 MiB
[ 242/ 362] blk.26.embed_skip.weight             - [  5120,      1,      1,      1], type =   bf16, size =    0.010 MiB
[ 243/ 362] blk.26.ffn_down.weight               - [ 13696,   5120,      1,      1], type =   bf16, converting to q8_0 .. size =   133.75 MiB ->    71.05 MiB
[ 244/ 362] blk.26.ffn_gate.weight               - [  5120,  13696,      1,      1], type =   bf16, converting to q8_0 .. size =   133.75 MiB ->    71.05 MiB
[ 245/ 362] blk.26.ffn_up.weight                 - [  5120,  13696,      1,      1], type =   bf16, converting to q8_0 .. size =   133.75 MiB ->    71.05 MiB
[ 246/ 362] blk.27.attn_k.weight                 - [  5120,   5120,      1,      1], type =   bf16, converting to q8_0 .. size =    50.00 MiB ->    26.56 MiB
[ 247/ 362] blk.27.attn_output.weight            - [  5120,   5120,      1,      1], type =   bf16, converting to q8_0 .. size =    50.00 MiB ->    26.56 MiB
[ 248/ 362] blk.27.attn_q.weight                 - [  5120,   5120,      1,      1], type =   bf16, converting to q8_0 .. size =    50.00 MiB ->    26.56 MiB
[ 249/ 362] blk.27.attn_q_gain.weight            - [     1,     40,      1,      1], type =   bf16, size =    0.000 MiB
[ 250/ 362] blk.27.attn_v.weight                 - [  5120,   5120,      1,      1], type =   bf16, converting to q8_0 .. size =    50.00 MiB ->    26.56 MiB
[ 251/ 362] blk.27.embed_skip.weight             - [  5120,      1,      1,      1], type =   bf16, size =    0.010 MiB
[ 252/ 362] blk.27.ffn_down.weight               - [ 13696,   5120,      1,      1], type =   bf16, converting to q8_0 .. size =   133.75 MiB ->    71.05 MiB
[ 253/ 362] blk.27.ffn_gate.weight               - [  5120,  13696,      1,      1], type =   bf16, converting to q8_0 .. size =   133.75 MiB ->    71.05 MiB
[ 254/ 362] blk.27.ffn_up.weight                 - [  5120,  13696,      1,      1], type =   bf16, converting to q8_0 .. size =   133.75 MiB ->    71.05 MiB
[ 255/ 362] blk.28.attn_k.weight                 - [  5120,   5120,      1,      1], type =   bf16, converting to q8_0 .. size =    50.00 MiB ->    26.56 MiB
[ 256/ 362] blk.28.attn_output.weight            - [  5120,   5120,      1,      1], type =   bf16, converting to q8_0 .. size =    50.00 MiB ->    26.56 MiB
[ 257/ 362] blk.28.attn_q.weight                 - [  5120,   5120,      1,      1], type =   bf16, converting to q8_0 .. size =    50.00 MiB ->    26.56 MiB
[ 258/ 362] blk.28.attn_q_gain.weight            - [     1,     40,      1,      1], type =   bf16, size =    0.000 MiB
[ 259/ 362] blk.28.attn_v.weight                 - [  5120,   5120,      1,      1], type =   bf16, converting to q8_0 .. size =    50.00 MiB ->    26.56 MiB
[ 260/ 362] blk.28.embed_skip.weight             - [  5120,      1,      1,      1], type =   bf16, size =    0.010 MiB
[ 261/ 362] blk.28.ffn_down.weight               - [ 13696,   5120,      1,      1], type =   bf16, converting to q8_0 .. size =   133.75 MiB ->    71.05 MiB
[ 262/ 362] blk.28.ffn_gate.weight               - [  5120,  13696,      1,      1], type =   bf16, converting to q8_0 .. size =   133.75 MiB ->    71.05 MiB
[ 263/ 362] blk.28.ffn_up.weight                 - [  5120,  13696,      1,      1], type =   bf16, converting to q8_0 .. size =   133.75 MiB ->    71.05 MiB
[ 264/ 362] blk.29.attn_k.weight                 - [  5120,   5120,      1,      1], type =   bf16, converting to q8_0 .. size =    50.00 MiB ->    26.56 MiB
[ 265/ 362] blk.29.attn_output.weight            - [  5120,   5120,      1,      1], type =   bf16, converting to q8_0 .. size =    50.00 MiB ->    26.56 MiB
[ 266/ 362] blk.29.attn_q.weight                 - [  5120,   5120,      1,      1], type =   bf16, converting to q8_0 .. size =    50.00 MiB ->    26.56 MiB
[ 267/ 362] blk.29.attn_q_gain.weight            - [     1,     40,      1,      1], type =   bf16, size =    0.000 MiB
[ 268/ 362] blk.29.attn_v.weight                 - [  5120,   5120,      1,      1], type =   bf16, converting to q8_0 .. size =    50.00 MiB ->    26.56 MiB
[ 269/ 362] blk.29.embed_skip.weight             - [  5120,      1,      1,      1], type =   bf16, size =    0.010 MiB
[ 270/ 362] blk.29.ffn_down.weight               - [ 13696,   5120,      1,      1], type =   bf16, converting to q8_0 .. size =   133.75 MiB ->    71.05 MiB
[ 271/ 362] blk.29.ffn_gate.weight               - [  5120,  13696,      1,      1], type =   bf16, converting to q8_0 .. size =   133.75 MiB ->    71.05 MiB
[ 272/ 362] blk.29.ffn_up.weight                 - [  5120,  13696,      1,      1], type =   bf16, converting to q8_0 .. size =   133.75 MiB ->    71.05 MiB
[ 273/ 362] blk.30.attn_k.weight                 - [  5120,   5120,      1,      1], type =   bf16, converting to q8_0 .. size =    50.00 MiB ->    26.56 MiB
[ 274/ 362] blk.30.attn_output.weight            - [  5120,   5120,      1,      1], type =   bf16, converting to q8_0 .. size =    50.00 MiB ->    26.56 MiB
[ 275/ 362] blk.30.attn_q.weight                 - [  5120,   5120,      1,      1], type =   bf16, converting to q8_0 .. size =    50.00 MiB ->    26.56 MiB
[ 276/ 362] blk.30.attn_q_gain.weight            - [     1,     40,      1,      1], type =   bf16, size =    0.000 MiB
[ 277/ 362] blk.30.attn_v.weight                 - [  5120,   5120,      1,      1], type =   bf16, converting to q8_0 .. size =    50.00 MiB ->    26.56 MiB
[ 278/ 362] blk.30.embed_skip.weight             - [  5120,      1,      1,      1], type =   bf16, size =    0.010 MiB
[ 279/ 362] blk.30.ffn_down.weight               - [ 13696,   5120,      1,      1], type =   bf16, converting to q8_0 .. size =   133.75 MiB ->    71.05 MiB
[ 280/ 362] blk.30.ffn_gate.weight               - [  5120,  13696,      1,      1], type =   bf16, converting to q8_0 .. size =   133.75 MiB ->    71.05 MiB
[ 281/ 362] blk.30.ffn_up.weight                 - [  5120,  13696,      1,      1], type =   bf16, converting to q8_0 .. size =   133.75 MiB ->    71.05 MiB
[ 282/ 362] blk.31.attn_k.weight                 - [  5120,   5120,      1,      1], type =   bf16, converting to q8_0 .. size =    50.00 MiB ->    26.56 MiB
[ 283/ 362] blk.31.attn_output.weight            - [  5120,   5120,      1,      1], type =   bf16, converting to q8_0 .. size =    50.00 MiB ->    26.56 MiB
[ 284/ 362] blk.31.attn_q.weight                 - [  5120,   5120,      1,      1], type =   bf16, converting to q8_0 .. size =    50.00 MiB ->    26.56 MiB
[ 285/ 362] blk.31.attn_q_gain.weight            - [     1,     40,      1,      1], type =   bf16, size =    0.000 MiB
[ 286/ 362] blk.31.attn_v.weight                 - [  5120,   5120,      1,      1], type =   bf16, converting to q8_0 .. size =    50.00 MiB ->    26.56 MiB
[ 287/ 362] blk.31.embed_skip.weight             - [  5120,      1,      1,      1], type =   bf16, size =    0.010 MiB
[ 288/ 362] blk.31.ffn_down.weight               - [ 13696,   5120,      1,      1], type =   bf16, converting to q8_0 .. size =   133.75 MiB ->    71.05 MiB
[ 289/ 362] blk.31.ffn_gate.weight               - [  5120,  13696,      1,      1], type =   bf16, converting to q8_0 .. size =   133.75 MiB ->    71.05 MiB
[ 290/ 362] blk.31.ffn_up.weight                 - [  5120,  13696,      1,      1], type =   bf16, converting to q8_0 .. size =   133.75 MiB ->    71.05 MiB
[ 291/ 362] blk.32.attn_k.weight                 - [  5120,   5120,      1,      1], type =   bf16, converting to q8_0 .. size =    50.00 MiB ->    26.56 MiB
[ 292/ 362] blk.32.attn_output.weight            - [  5120,   5120,      1,      1], type =   bf16, converting to q8_0 .. size =    50.00 MiB ->    26.56 MiB
[ 293/ 362] blk.32.attn_q.weight                 - [  5120,   5120,      1,      1], type =   bf16, converting to q8_0 .. size =    50.00 MiB ->    26.56 MiB
[ 294/ 362] blk.32.attn_q_gain.weight            - [     1,     40,      1,      1], type =   bf16, size =    0.000 MiB
[ 295/ 362] blk.32.attn_v.weight                 - [  5120,   5120,      1,      1], type =   bf16, converting to q8_0 .. size =    50.00 MiB ->    26.56 MiB
[ 296/ 362] blk.32.embed_skip.weight             - [  5120,      1,      1,      1], type =   bf16, size =    0.010 MiB
[ 297/ 362] blk.32.ffn_down.weight               - [ 13696,   5120,      1,      1], type =   bf16, converting to q8_0 .. size =   133.75 MiB ->    71.05 MiB
[ 298/ 362] blk.32.ffn_gate.weight               - [  5120,  13696,      1,      1], type =   bf16, converting to q8_0 .. size =   133.75 MiB ->    71.05 MiB
[ 299/ 362] blk.32.ffn_up.weight                 - [  5120,  13696,      1,      1], type =   bf16, converting to q8_0 .. size =   133.75 MiB ->    71.05 MiB
[ 300/ 362] blk.33.attn_k.weight                 - [  5120,   5120,      1,      1], type =   bf16, converting to q8_0 .. size =    50.00 MiB ->    26.56 MiB
[ 301/ 362] blk.33.attn_output.weight            - [  5120,   5120,      1,      1], type =   bf16, converting to q8_0 .. size =    50.00 MiB ->    26.56 MiB
[ 302/ 362] blk.33.attn_q.weight                 - [  5120,   5120,      1,      1], type =   bf16, converting to q8_0 .. size =    50.00 MiB ->    26.56 MiB
[ 303/ 362] blk.33.attn_q_gain.weight            - [     1,     40,      1,      1], type =   bf16, size =    0.000 MiB
[ 304/ 362] blk.33.attn_v.weight                 - [  5120,   5120,      1,      1], type =   bf16, converting to q8_0 .. size =    50.00 MiB ->    26.56 MiB
[ 305/ 362] blk.33.embed_skip.weight             - [  5120,      1,      1,      1], type =   bf16, size =    0.010 MiB
[ 306/ 362] blk.33.ffn_down.weight               - [ 13696,   5120,      1,      1], type =   bf16, converting to q8_0 .. size =   133.75 MiB ->    71.05 MiB
[ 307/ 362] blk.33.ffn_gate.weight               - [  5120,  13696,      1,      1], type =   bf16, converting to q8_0 .. size =   133.75 MiB ->    71.05 MiB
[ 308/ 362] blk.33.ffn_up.weight                 - [  5120,  13696,      1,      1], type =   bf16, converting to q8_0 .. size =   133.75 MiB ->    71.05 MiB
[ 309/ 362] blk.34.attn_k.weight                 - [  5120,   5120,      1,      1], type =   bf16, converting to q8_0 .. size =    50.00 MiB ->    26.56 MiB
[ 310/ 362] blk.34.attn_output.weight            - [  5120,   5120,      1,      1], type =   bf16, converting to q8_0 .. size =    50.00 MiB ->    26.56 MiB
[ 311/ 362] blk.34.attn_q.weight                 - [  5120,   5120,      1,      1], type =   bf16, converting to q8_0 .. size =    50.00 MiB ->    26.56 MiB
[ 312/ 362] blk.34.attn_q_gain.weight            - [     1,     40,      1,      1], type =   bf16, size =    0.000 MiB
[ 313/ 362] blk.34.attn_v.weight                 - [  5120,   5120,      1,      1], type =   bf16, converting to q8_0 .. size =    50.00 MiB ->    26.56 MiB
[ 314/ 362] blk.34.embed_skip.weight             - [  5120,      1,      1,      1], type =   bf16, size =    0.010 MiB
[ 315/ 362] blk.34.ffn_down.weight               - [ 13696,   5120,      1,      1], type =   bf16, converting to q8_0 .. size =   133.75 MiB ->    71.05 MiB
[ 316/ 362] blk.34.ffn_gate.weight               - [  5120,  13696,      1,      1], type =   bf16, converting to q8_0 .. size =   133.75 MiB ->    71.05 MiB
[ 317/ 362] blk.34.ffn_up.weight                 - [  5120,  13696,      1,      1], type =   bf16, converting to q8_0 .. size =   133.75 MiB ->    71.05 MiB
[ 318/ 362] blk.35.attn_k.weight                 - [  5120,   5120,      1,      1], type =   bf16, converting to q8_0 .. size =    50.00 MiB ->    26.56 MiB
[ 319/ 362] blk.35.attn_output.weight            - [  5120,   5120,      1,      1], type =   bf16, converting to q8_0 .. size =    50.00 MiB ->    26.56 MiB
[ 320/ 362] blk.35.attn_q.weight                 - [  5120,   5120,      1,      1], type =   bf16, converting to q8_0 .. size =    50.00 MiB ->    26.56 MiB
[ 321/ 362] blk.35.attn_q_gain.weight            - [     1,     40,      1,      1], type =   bf16, size =    0.000 MiB
[ 322/ 362] blk.35.attn_v.weight                 - [  5120,   5120,      1,      1], type =   bf16, converting to q8_0 .. size =    50.00 MiB ->    26.56 MiB
[ 323/ 362] blk.35.embed_skip.weight             - [  5120,      1,      1,      1], type =   bf16, size =    0.010 MiB
[ 324/ 362] blk.35.ffn_down.weight               - [ 13696,   5120,      1,      1], type =   bf16, converting to q8_0 .. size =   133.75 MiB ->    71.05 MiB
[ 325/ 362] blk.35.ffn_gate.weight               - [  5120,  13696,      1,      1], type =   bf16, converting to q8_0 .. size =   133.75 MiB ->    71.05 MiB
[ 326/ 362] blk.35.ffn_up.weight                 - [  5120,  13696,      1,      1], type =   bf16, converting to q8_0 .. size =   133.75 MiB ->    71.05 MiB
[ 327/ 362] blk.36.attn_k.weight                 - [  5120,   5120,      1,      1], type =   bf16, converting to q8_0 .. size =    50.00 MiB ->    26.56 MiB
[ 328/ 362] blk.36.attn_output.weight            - [  5120,   5120,      1,      1], type =   bf16, converting to q8_0 .. size =    50.00 MiB ->    26.56 MiB
[ 329/ 362] blk.36.attn_q.weight                 - [  5120,   5120,      1,      1], type =   bf16, converting to q8_0 .. size =    50.00 MiB ->    26.56 MiB
[ 330/ 362] blk.36.attn_q_gain.weight            - [     1,     40,      1,      1], type =   bf16, size =    0.000 MiB
[ 331/ 362] blk.36.attn_v.weight                 - [  5120,   5120,      1,      1], type =   bf16, converting to q8_0 .. size =    50.00 MiB ->    26.56 MiB
[ 332/ 362] blk.36.embed_skip.weight             - [  5120,      1,      1,      1], type =   bf16, size =    0.010 MiB
[ 333/ 362] blk.36.ffn_down.weight               - [ 13696,   5120,      1,      1], type =   bf16, converting to q8_0 .. size =   133.75 MiB ->    71.05 MiB
[ 334/ 362] blk.36.ffn_gate.weight               - [  5120,  13696,      1,      1], type =   bf16, converting to q8_0 .. size =   133.75 MiB ->    71.05 MiB
[ 335/ 362] blk.36.ffn_up.weight                 - [  5120,  13696,      1,      1], type =   bf16, converting to q8_0 .. size =   133.75 MiB ->    71.05 MiB
[ 336/ 362] blk.37.attn_k.weight                 - [  5120,   5120,      1,      1], type =   bf16, converting to q8_0 .. size =    50.00 MiB ->    26.56 MiB
[ 337/ 362] blk.37.attn_output.weight            - [  5120,   5120,      1,      1], type =   bf16, converting to q8_0 .. size =    50.00 MiB ->    26.56 MiB
[ 338/ 362] blk.37.attn_q.weight                 - [  5120,   5120,      1,      1], type =   bf16, converting to q8_0 .. size =    50.00 MiB ->    26.56 MiB
[ 339/ 362] blk.37.attn_q_gain.weight            - [     1,     40,      1,      1], type =   bf16, size =    0.000 MiB
[ 340/ 362] blk.37.attn_v.weight                 - [  5120,   5120,      1,      1], type =   bf16, converting to q8_0 .. size =    50.00 MiB ->    26.56 MiB
[ 341/ 362] blk.37.embed_skip.weight             - [  5120,      1,      1,      1], type =   bf16, size =    0.010 MiB
[ 342/ 362] blk.37.ffn_down.weight               - [ 13696,   5120,      1,      1], type =   bf16, converting to q8_0 .. size =   133.75 MiB ->    71.05 MiB
[ 343/ 362] blk.37.ffn_gate.weight               - [  5120,  13696,      1,      1], type =   bf16, converting to q8_0 .. size =   133.75 MiB ->    71.05 MiB
[ 344/ 362] blk.37.ffn_up.weight                 - [  5120,  13696,      1,      1], type =   bf16, converting to q8_0 .. size =   133.75 MiB ->    71.05 MiB
[ 345/ 362] blk.38.attn_k.weight                 - [  5120,   5120,      1,      1], type =   bf16, converting to q8_0 .. size =    50.00 MiB ->    26.56 MiB
[ 346/ 362] blk.38.attn_output.weight            - [  5120,   5120,      1,      1], type =   bf16, converting to q8_0 .. size =    50.00 MiB ->    26.56 MiB
[ 347/ 362] blk.38.attn_q.weight                 - [  5120,   5120,      1,      1], type =   bf16, converting to q8_0 .. size =    50.00 MiB ->    26.56 MiB
[ 348/ 362] blk.38.attn_q_gain.weight            - [     1,     40,      1,      1], type =   bf16, size =    0.000 MiB
[ 349/ 362] blk.38.attn_v.weight                 - [  5120,   5120,      1,      1], type =   bf16, converting to q8_0 .. size =    50.00 MiB ->    26.56 MiB
[ 350/ 362] blk.38.embed_skip.weight             - [  5120,      1,      1,      1], type =   bf16, size =    0.010 MiB
[ 351/ 362] blk.38.ffn_down.weight               - [ 13696,   5120,      1,      1], type =   bf16, converting to q8_0 .. size =   133.75 MiB ->    71.05 MiB
[ 352/ 362] blk.38.ffn_gate.weight               - [  5120,  13696,      1,      1], type =   bf16, converting to q8_0 .. size =   133.75 MiB ->    71.05 MiB
[ 353/ 362] blk.38.ffn_up.weight                 - [  5120,  13696,      1,      1], type =   bf16, converting to q8_0 .. size =   133.75 MiB ->    71.05 MiB
[ 354/ 362] blk.39.attn_k.weight                 - [  5120,   5120,      1,      1], type =   bf16, converting to q8_0 .. size =    50.00 MiB ->    26.56 MiB
[ 355/ 362] blk.39.attn_output.weight            - [  5120,   5120,      1,      1], type =   bf16, converting to q8_0 .. size =    50.00 MiB ->    26.56 MiB
[ 356/ 362] blk.39.attn_q.weight                 - [  5120,   5120,      1,      1], type =   bf16, converting to q8_0 .. size =    50.00 MiB ->    26.56 MiB
[ 357/ 362] blk.39.attn_q_gain.weight            - [     1,     40,      1,      1], type =   bf16, size =    0.000 MiB
[ 358/ 362] blk.39.attn_v.weight                 - [  5120,   5120,      1,      1], type =   bf16, converting to q8_0 .. size =    50.00 MiB ->    26.56 MiB
[ 359/ 362] blk.39.embed_skip.weight             - [  5120,      1,      1,      1], type =   bf16, size =    0.010 MiB
[ 360/ 362] blk.39.ffn_down.weight               - [ 13696,   5120,      1,      1], type =   bf16, converting to q8_0 .. size =   133.75 MiB ->    71.05 MiB
[ 361/ 362] blk.39.ffn_gate.weight               - [  5120,  13696,      1,      1], type =   bf16, converting to q8_0 .. size =   133.75 MiB ->    71.05 MiB
[ 362/ 362] blk.39.ffn_up.weight                 - [  5120,  13696,      1,      1], type =   bf16, converting to q8_0 .. size =   133.75 MiB ->    71.05 MiB
llama_model_quantize_impl: model size  = 25330.47 MiB (16.00 BPW)
llama_model_quantize_impl: quant size  = 13457.00 MiB (8.50 BPW)

main: quantize time = 20432.33 ms
main:    total time = 20432.33 ms
